// Vitest Snapshot v1, https://vitest.dev/guide/snapshot.html

exports[`Windows Regional Formats > Regional settings based formatting es-es - FULL 1`] = `"miércoles, 15 de enero de 2020 13:30:45 GMT+00:00"`;

exports[`Windows Regional Formats > Regional settings based formatting es-es - FULL_DATE 1`] = `"miércoles, 15 de enero de 2020"`;

exports[`Windows Regional Formats > Regional settings based formatting es-es - FULL_DATE_WITH_YEAR 1`] = `"miércoles, 15 de enero de 2020"`;

exports[`Windows Regional Formats > Regional settings based formatting es-es - FULL_TIME 1`] = `"13:30:45 GMT+00:00"`;

exports[`Windows Regional Formats > Regional settings based formatting es-es - FULL_WITH_YEAR 1`] = `"miércoles, 15 de enero de 2020 13:30:45 GMT+00:00"`;

exports[`Windows Regional Formats > Regional settings based formatting es-es - HOUR_ONLY 1`] = `"13"`;

exports[`Windows Regional Formats > Regional settings based formatting es-es - LONG_DATE 1`] = `"miércoles, 15 de enero de 2020"`;

exports[`Windows Regional Formats > Regional settings based formatting es-es - LONG_DATE_WITH_YEAR 1`] = `"miércoles, 15 de enero de 2020"`;

exports[`Windows Regional Formats > Regional settings based formatting es-es - LONG_TIME 1`] = `"13:30:45"`;

exports[`Windows Regional Formats > Regional settings based formatting es-es - LONG_TIME_WITH_TIMEZONE 1`] = `"13:30:45 GMT+0"`;

exports[`Windows Regional Formats > Regional settings based formatting es-es - LONG_WEEKDAY 1`] = `"miércoles"`;

exports[`Windows Regional Formats > Regional settings based formatting es-es - LONG_WEEKDAY_LONG_TIME 1`] = `"miércoles, 13:30:45"`;

exports[`Windows Regional Formats > Regional settings based formatting es-es - LONG_WEEKDAY_SHORT_TIME 1`] = `"miércoles, 13:30"`;

exports[`Windows Regional Formats > Regional settings based formatting es-es - LONG_WITH_TIMEZONE 1`] = `"miércoles, 15 de enero de 2020 13:30:45 GMT+0"`;

exports[`Windows Regional Formats > Regional settings based formatting es-es - LONG_WITH_YEAR_TIMEZONE 1`] = `"miércoles, 15 de enero de 2020 13:30:45 GMT+0"`;

exports[`Windows Regional Formats > Regional settings based formatting es-es - MEDIUM 1`] = `"miércoles, 15 de enero de 2020 13:30:45"`;

exports[`Windows Regional Formats > Regional settings based formatting es-es - MEDIUM_DATE 1`] = `"miércoles, 15 de enero de 2020"`;

exports[`Windows Regional Formats > Regional settings based formatting es-es - MEDIUM_DATE_SHORT_TIME 1`] = `"15 ene, 13:30"`;

exports[`Windows Regional Formats > Regional settings based formatting es-es - MEDIUM_DATE_WITH_YEAR 1`] = `"miércoles, 15 de enero de 2020"`;

exports[`Windows Regional Formats > Regional settings based formatting es-es - MEDIUM_TIME 1`] = `"13:30:45"`;

exports[`Windows Regional Formats > Regional settings based formatting es-es - MEDIUM_WITH_YEAR 1`] = `"miércoles, 15 de enero de 2020 13:30:45"`;

exports[`Windows Regional Formats > Regional settings based formatting es-es - SHORT 1`] = `"15/01/2020 13:30"`;

exports[`Windows Regional Formats > Regional settings based formatting es-es - SHORT_DATE 1`] = `"15/01/2020"`;

exports[`Windows Regional Formats > Regional settings based formatting es-es - SHORT_DATE_LONG_TIME 1`] = `"15/01/2020 13:30:45"`;

exports[`Windows Regional Formats > Regional settings based formatting es-es - SHORT_DATE_TIME 1`] = `"15/01/2020 13:30"`;

exports[`Windows Regional Formats > Regional settings based formatting es-es - SHORT_DATE_WITH_SHORT_YEAR 1`] = `"15/01/2020"`;

exports[`Windows Regional Formats > Regional settings based formatting es-es - SHORT_DATE_WITH_YEAR 1`] = `"15/01/2020"`;

exports[`Windows Regional Formats > Regional settings based formatting es-es - SHORT_TIME 1`] = `"13:30"`;

exports[`Windows Regional Formats > Regional settings based formatting es-es - SHORT_WEEKDAY 1`] = `"mié"`;

exports[`Windows Regional Formats > Regional settings based formatting es-es - SHORT_WEEKDAY_LONG_TIME 1`] = `"mié, 13:30:45"`;

exports[`Windows Regional Formats > Regional settings based formatting es-es - SHORT_WEEKDAY_SHORT_TIME 1`] = `"mié, 13:30"`;

exports[`Windows Regional Formats > Regional settings based formatting es-es - SHORT_WITH_YEAR 1`] = `"15/01/2020 13:30"`;
